Stack init success
#############
	Errors in stack at (stack_errors_print)stack_lifo_main.cpp:27 ; 
	No errors in stack
#############
<------------
capacity = 5
size = 0
data [0x6060000002c8]
    {
     [0] = 1.02084e+12(POISON_ELEM)
     [1] = 1.02084e+12(POISON_ELEM)
     [2] = 1.02084e+12(POISON_ELEM)
     [3] = 1.02084e+12(POISON_ELEM)
     [4] = 1.02084e+12(POISON_ELEM)
    }
------------>

Stack dump success
Stack status print success
Stack push success. Value = 10
Stack push success. Value = 20
Stack push success. Value = 30
Stack push success. Value = 40
Stack push success. Value = 50
Stack push success. Value = 60
Stack_push enter error in (stack_push)stack_lifo_main.cpp:36 ; 	Possibly forgotten to assign a new pointer after realloc
Stack_pop enter error in (stack_pop)stack_lifo_main.cpp:40 ; 	Possibly forgotten to assign a new pointer after realloc
Stack_pop enter error in (stack_pop)stack_lifo_main.cpp:43 ; 	Possibly forgotten to assign a new pointer after realloc
Stack_pop enter error in (stack_pop)stack_lifo_main.cpp:46 ; 	Possibly forgotten to assign a new pointer after realloc
Stack_pop enter error in (stack_pop)stack_lifo_main.cpp:49 ; 	Possibly forgotten to assign a new pointer after realloc
Stack_push enter error in (stack_push)stack_lifo_main.cpp:52 ; 	Possibly forgotten to assign a new pointer after realloc
Stack_pop enter error in (stack_pop)stack_lifo_main.cpp:54 ; 	Possibly forgotten to assign a new pointer after realloc
Stack_dump enter error in (stack_dump)stack_lifo_main.cpp:57 ; 
#############
	Errors in stack at (stack_errors_print)stack_lifo_main.cpp:57 ; 
	STK_DATA_PTR_NULL
#############
	Possibly forgotten to assign a new pointer after realloc
Stack_destroy enter error in (stack_destroy)stack_lifo_main.cpp:58 ; 
#############
	Errors in stack at (stack_errors_print)stack_lifo_main.cpp:58 ; 
	STK_DATA_PTR_NULL
#############
Stack status print success
